1 B
2 C
3 B
4 C
5 C
6 C
7 D
8 C
9 A
10 A
11 C
12 B
13 B
14 C
15 B
16 A
17 C
18 C
19 D
20 A
21 C
22 D
23 D
24 B
25 B
26 B
27 B
28 C
29 B
30 A
31 C
32 B
33 A
34 C
35 C
36 B
37 A
38 B
39 A
40 ABCDE
41 CE
42 BD
43 E
44 AC
45 CD
46 CE
47 D
48 CD
49 CE
50 CD
51 AB
52 BC
53 A
54 ADE
55 BE
56 A
57 C
58 D
59 AC
60 AD
61 B
62 BD
63 AB
64 C
65 E
66 E
67 C
68 A
69 D
70 BE
71 A
72 AB
73 B
74 AB
75 C
76 BDE
77 A
78 E
79 C
80 D
81 E
82 AE
83 E
84 D
85 A
